--- Response Content ---
Error processing your question: Error code: 429 - {'error': {'code': 'RateLimitReached', 'message': 'Your requests to gpt-5.2-chat for gpt-5.2-chat in East US 2 have exceeded the token rate limit for your current AIServices S0 pricing tier. This request was for ChatCompletions_Create under Azure OpenAI API version 2025-04-01-preview. Please retry after 60 seconds. To increase your default rate limit, visit: https://aka.ms/oai/quotaincrease.'}}

--- Citations ---
[]